// Jest Snapshot v1, https://goo.gl/fbAQLP

exports[`<Card /> snapshot 1`] = `
<DocumentFragment>
  <div
    class="Card"
    data-testid="Card"
  >
    <div />
  </div>
</DocumentFragment>
`;
